---
source: wiyci-web/tests/snapshot_tests/root.rs
description: "GET http://localhost/"
---
HTTP/1.1 200 OK
content-type: text/html; charset=utf-8
x-content-type-options: nosniff
content-security-policy: default-src 'none'; style-src 'self'; script-src 'self'; img-src 'self'; font-src 'self'; frame-ancestors 'none'; base-uri 'none'; form-action 'self'
x-frame-options: DENY
content-length: 1020

<!DOCTYPE html>
<html lang="en">
<head>
	<meta charset="utf-8">
	<meta name="viewport" content="width=device-width, initial-scale=1">
	<title>wiyci</title>
	<link rel="stylesheet" href="/static/main.[     hash     ].css">
</head>
<body>

<header class="header"><div class="container">
<nav class="navbar">
	<div class="navbar-brand">
		<a href="/"><strong title="The World Is Your CI">wiyci</strong></a>
	</div>
	<ul class="navbar-menu"><li class="navbar-item"><a href="/projects">Projects</a></li>
	</ul>
</nav>
</div></header>

<main class="main"><div class="container">




<p>We collect build logs for F/OSS projects, report warnings and failed tests</p>


</div></main>

<footer class="footer"><div class="container">
<div class="columns columns--justify">
	<div>Copyright (C) Dmitry Marakasov</div>
	<div>Code licensed under GPLv3+</div>
	<div>GitHub <a href="https://github.com/AMDmi3/wiyci">repository</a>, <a href="https://github.com/AMDmi3/wiyci/issues">issues</a></div>
</div>
</div></footer>

</body>
</html>
