---
source: wiyci-web/tests/snapshot_tests/item.rs
expression: "server.get(\"/item/999\").await"
---
HTTP/1.1 404 Not Found
content-type: text/plain; charset=utf-8
x-content-type-options: nosniff
content-security-policy: default-src 'none'; style-src 'self'; script-src 'self'; img-src 'self'; font-src 'self'; frame-ancestors 'none'; base-uri 'none'; form-action 'self'
x-frame-options: DENY
content-length: 14

Item not found
